--Setup extension
CREATE SCHEMA "PGSS";
CREATE EXTENSION pg_stat_statements WITH SCHEMA "PGSS";
CREATE EXTENSION btree_gist;
CREATE SCHEMA "PoWA";
CREATE EXTENSION powa WITH SCHEMA "PoWA";
