-- General setup
\set SHOW_CONTEXT never
--Setup extension
CREATE SCHEMA "PGSS";
CREATE EXTENSION pg_stat_statements WITH SCHEMA "PGSS";
CREATE EXTENSION btree_gist;
CREATE SCHEMA "PoWA";
CREATE EXTENSION powa WITH SCHEMA "PoWA";
-- Check the relations that aren't dumped
WITH ext AS (
    SELECT c.oid, c.relname
    FROM pg_depend d
    JOIN pg_extension e ON d.refclassid = 'pg_extension'::regclass
        AND e.oid = d.refobjid
        AND e.extname = 'powa'
    JOIN pg_class c ON d.classid = 'pg_class'::regclass
        AND c.oid = d.objid
),
dmp AS (
    SELECT unnest(extconfig) AS oid
    FROM pg_extension
    WHERE extname = 'powa'
)
SELECT ext.relname
FROM ext
LEFT JOIN dmp USING (oid)
WHERE dmp.oid IS NULL
ORDER BY ext.relname::text COLLATE "C";
           relname           
-----------------------------
 powa_all_relations_src_tmp
 powa_databases_src_tmp
 powa_extensions
 powa_kcache_src_tmp
 powa_qualstats_src_tmp
 powa_servers_id_seq
 powa_stat_bgwriter_src_tmp
 powa_statements_src_tmp
 powa_user_functions_src_tmp
 powa_wait_sampling_src_tmp
(10 rows)

-- Check for object that aren't in the "PoWA" schema
WITH ext AS (
    SELECT pg_describe_object(classid, objid, objsubid) AS descr
    FROM pg_depend d
    JOIN pg_extension e ON d.refclassid = 'pg_extension'::regclass
        AND e.oid = d.refobjid
        AND e.extname = 'powa'
)
SELECT descr
FROM ext
WHERE descr NOT LIKE '%"PoWA"%'
ORDER BY descr COLLATE "C";
                    descr                    
---------------------------------------------
 event trigger powa_check_created_extensions
 event trigger powa_check_dropped_extensions
(2 rows)

-- Aggregate data every 5 snapshots
SET powa.coalesce = 5;
-- Test created ojects
SELECT * FROM "PoWA".powa_functions ORDER BY module, operation;
 srvid |      extname       |       module       | operation | external |        function_name         |      query_source      | query_cleanup | added_manually | enabled | priority 
-------+--------------------+--------------------+-----------+----------+------------------------------+------------------------+---------------+----------------+---------+----------
     0 | powa               | pg_stat_bgwriter   | aggregate | f        | powa_stat_bgwriter_aggregate |                        |               | f              | t       |       10
     0 | powa               | pg_stat_bgwriter   | purge     | f        | powa_stat_bgwriter_purge     |                        |               | f              | t       |       10
     0 | powa               | pg_stat_bgwriter   | reset     | f        | powa_stat_bgwriter_reset     |                        |               | f              | t       |       10
     0 | powa               | pg_stat_bgwriter   | snapshot  | f        | powa_stat_bgwriter_snapshot  | powa_stat_bgwriter_src |               | f              | t       |       10
     0 | pg_stat_statements | pg_stat_statements | aggregate | f        | powa_statements_aggregate    |                        |               | f              | t       |       10
     0 | pg_stat_statements | pg_stat_statements | purge     | f        | powa_statements_purge        |                        |               | f              | t       |       10
     0 | pg_stat_statements | pg_stat_statements | purge     | f        | powa_databases_purge         |                        |               | f              | t       |       10
     0 | pg_stat_statements | pg_stat_statements | reset     | f        | powa_statements_reset        |                        |               | f              | t       |       10
     0 | pg_stat_statements | pg_stat_statements | snapshot  | f        | powa_databases_snapshot      | powa_databases_src     |               | f              | t       |       -3
     0 | pg_stat_statements | pg_stat_statements | snapshot  | f        | powa_statements_snapshot     | powa_statements_src    |               | f              | t       |       -2
(10 rows)

-- test C SRFs
SELECT COUNT(*) = 0
FROM pg_database,
LATERAL "PoWA".powa_stat_user_functions(oid) f
WHERE datname = current_database();
 ?column? 
----------
 t
(1 row)

-- on pg15+ the function is a no-op, and this function will be deprecated soon
-- anyway
SELECT COUNT(*) >= 0
FROM pg_database,
LATERAL "PoWA".powa_stat_all_rel(oid)
WHERE datname = current_database();
 ?column? 
----------
 t
(1 row)

-- Test snapshot
SELECT 1, COUNT(*) = 0 FROM "PoWA".powa_user_functions_history_current;
 ?column? | ?column? 
----------+----------
        1 | t
(1 row)

SELECT 1, COUNT(*) = 0 FROM "PoWA".powa_all_relations_history_current;
 ?column? | ?column? 
----------+----------
        1 | t
(1 row)

SELECT 1, COUNT(*) = 0 FROM "PoWA".powa_statements_history_current;
 ?column? | ?column? 
----------+----------
        1 | t
(1 row)

SELECT 1, COUNT(*) = 0 FROM "PoWA".powa_statements_history_current_db;
 ?column? | ?column? 
----------+----------
        1 | t
(1 row)

SELECT 1, COUNT(*) = 0 FROM "PoWA".powa_user_functions_history;
 ?column? | ?column? 
----------+----------
        1 | t
(1 row)

SELECT 1, COUNT(*) = 0 FROM "PoWA".powa_all_relations_history;
 ?column? | ?column? 
----------+----------
        1 | t
(1 row)

SELECT 1, COUNT(*) = 0 FROM "PoWA".powa_statements_history;
 ?column? | ?column? 
----------+----------
        1 | t
(1 row)

SELECT 1, COUNT(*) = 0 FROM "PoWA".powa_statements_history;
 ?column? | ?column? 
----------+----------
        1 | t
(1 row)

SELECT "PoWA".powa_take_snapshot();
 powa_take_snapshot 
--------------------
                  0
(1 row)

SELECT 2, COUNT(*) >= 0 FROM "PoWA".powa_user_functions_history_current;
 ?column? | ?column? 
----------+----------
        2 | t
(1 row)

SELECT 2, COUNT(*) >= 0 FROM "PoWA".powa_all_relations_history_current;
 ?column? | ?column? 
----------+----------
        2 | t
(1 row)

SELECT 2, COUNT(*) > 0 FROM "PoWA".powa_statements_history_current;
 ?column? | ?column? 
----------+----------
        2 | t
(1 row)

SELECT 2, COUNT(*) > 0 FROM "PoWA".powa_statements_history_current_db;
 ?column? | ?column? 
----------+----------
        2 | t
(1 row)

SELECT 2, COUNT(*) >= 0 FROM "PoWA".powa_user_functions_history;
 ?column? | ?column? 
----------+----------
        2 | t
(1 row)

SELECT 2, COUNT(*) = 0 FROM "PoWA".powa_all_relations_history;
 ?column? | ?column? 
----------+----------
        2 | t
(1 row)

SELECT 2, COUNT(*) = 0 FROM "PoWA".powa_statements_history;
 ?column? | ?column? 
----------+----------
        2 | t
(1 row)

SELECT 2, COUNT(*) = 0 FROM "PoWA".powa_statements_history;
 ?column? | ?column? 
----------+----------
        2 | t
(1 row)

SELECT "PoWA".powa_take_snapshot();
 powa_take_snapshot 
--------------------
                  0
(1 row)

SELECT "PoWA".powa_take_snapshot();
 powa_take_snapshot 
--------------------
                  0
(1 row)

SELECT "PoWA".powa_take_snapshot();
 powa_take_snapshot 
--------------------
                  0
(1 row)

-- This snapshot will trigger the aggregate
SELECT "PoWA".powa_take_snapshot();
 powa_take_snapshot 
--------------------
                  0
(1 row)

SELECT 3, COUNT(*) >= 0 FROM "PoWA".powa_user_functions_history_current;
 ?column? | ?column? 
----------+----------
        3 | t
(1 row)

SELECT 3, COUNT(*) >= 0 FROM "PoWA".powa_all_relations_history_current;
 ?column? | ?column? 
----------+----------
        3 | t
(1 row)

SELECT 3, COUNT(*) > 0 FROM "PoWA".powa_statements_history_current;
 ?column? | ?column? 
----------+----------
        3 | t
(1 row)

SELECT 3, COUNT(*) > 0 FROM "PoWA".powa_statements_history_current_db;
 ?column? | ?column? 
----------+----------
        3 | t
(1 row)

SELECT 3, COUNT(*) >= 0 FROM "PoWA".powa_user_functions_history;
 ?column? | ?column? 
----------+----------
        3 | t
(1 row)

SELECT 3, COUNT(*) >= 0 FROM "PoWA".powa_all_relations_history;
 ?column? | ?column? 
----------+----------
        3 | t
(1 row)

SELECT 3, COUNT(*) > 0 FROM "PoWA".powa_statements_history;
 ?column? | ?column? 
----------+----------
        3 | t
(1 row)

SELECT 3, COUNT(*) > 0 FROM "PoWA".powa_statements_history;
 ?column? | ?column? 
----------+----------
        3 | t
(1 row)

-- Test reset function
SELECT * from "PoWA".powa_reset(0);
 powa_reset 
------------
 t
(1 row)

SELECT 4, COUNT(*) = 0 FROM "PoWA".powa_user_functions_history_current;
 ?column? | ?column? 
----------+----------
        4 | t
(1 row)

SELECT 4, COUNT(*) = 0 FROM "PoWA".powa_all_relations_history_current;
 ?column? | ?column? 
----------+----------
        4 | t
(1 row)

SELECT 4, COUNT(*) = 0 FROM "PoWA".powa_statements_history_current;
 ?column? | ?column? 
----------+----------
        4 | t
(1 row)

SELECT 4, COUNT(*) = 0 FROM "PoWA".powa_statements_history_current_db;
 ?column? | ?column? 
----------+----------
        4 | t
(1 row)

SELECT 4, COUNT(*) = 0 FROM "PoWA".powa_user_functions_history;
 ?column? | ?column? 
----------+----------
        4 | t
(1 row)

SELECT 4, COUNT(*) = 0 FROM "PoWA".powa_all_relations_history;
 ?column? | ?column? 
----------+----------
        4 | t
(1 row)

SELECT 4, COUNT(*) = 0 FROM "PoWA".powa_statements_history;
 ?column? | ?column? 
----------+----------
        4 | t
(1 row)

SELECT 4, COUNT(*) = 0 FROM "PoWA".powa_statements_history;
 ?column? | ?column? 
----------+----------
        4 | t
(1 row)

-- Check API
SELECT "PoWA".powa_register_server(hostname => '127.0.0.1',
    extensions => '{pg_qualstats}');
 powa_register_server 
----------------------
 t
(1 row)

SELECT COUNT(*) FROM "PoWA".powa_servers;
 count 
-------
     2
(1 row)

SELECT hostname FROM "PoWA".powa_servers WHERE id = 1;
 hostname  
-----------
 127.0.0.1
(1 row)

-- Check missing powa_statements FK for pg_qualstats doesn't prevent snapshot
INSERT INTO "PoWA".powa_qualstats_src_tmp(srvid, ts, uniquequalnodeid, dbid, userid,
    qualnodeid, occurences, execution_count, nbfiltered,
    mean_err_estimate_ratio, mean_err_estimate_num,
    queryid, constvalues, quals)
    SELECT 1, now(), 1, 1, 1,
        1, 1000, 1, 0,
        0, 0,
        123456789, '{}', ARRAY[(1259,1,607,'i')::"PoWA".qual_type];
SELECT count(*) FROM "PoWA".powa_qualstats_src_tmp;
 count 
-------
     1
(1 row)

SELECT "PoWA".powa_qualstats_snapshot(1);
 powa_qualstats_snapshot 
-------------------------
 
(1 row)

SELECT count(*) FROM "PoWA".powa_qualstats_src_tmp;
 count 
-------
     0
(1 row)

SELECT count(*) FROM "PoWA".powa_qualstats_quals_history_current WHERE srvid = 1;
 count 
-------
     0
(1 row)

-- Check snapshot of regular quals
INSERT INTO "PoWA".powa_databases(srvid, oid, datname, dropped)
    VALUES (1, 16384, 'postgres', NULL);
INSERT INTO "PoWA".powa_statements(srvid, queryid, dbid, userid, query)
    VALUES(1, 123456789, 16384, 10, 'query with qual');
INSERT INTO "PoWA".powa_qualstats_src_tmp(srvid, ts, uniquequalnodeid, dbid, userid,
    qualnodeid, occurences, execution_count, nbfiltered,
    mean_err_estimate_ratio, mean_err_estimate_num,
    queryid, constvalues, quals)
    SELECT 1, now(), 1, 16384, 10,
        1, 1000, 1, 0,
        0, 0,
        123456789, '{}', ARRAY[(1259,1,607,'i')::"PoWA".qual_type];
SELECT count(*) FROM "PoWA".powa_qualstats_src_tmp;
 count 
-------
     1
(1 row)

SELECT "PoWA".powa_qualstats_snapshot(1);
 powa_qualstats_snapshot 
-------------------------
 
(1 row)

SELECT count(*) FROM "PoWA".powa_qualstats_src_tmp;
 count 
-------
     0
(1 row)

SELECT count(*) FROM "PoWA".powa_qualstats_quals_history_current WHERE srvid = 1;
 count 
-------
     1
(1 row)

-- activate / deactivate extension
SELECT * FROM "PoWA".powa_functions ORDER BY srvid, module, operation, function_name;
 srvid |      extname       |       module       | operation  | external |        function_name         |      query_source      |               query_cleanup                | added_manually | enabled | priority 
-------+--------------------+--------------------+------------+----------+------------------------------+------------------------+--------------------------------------------+----------------+---------+----------
     0 | powa               | pg_stat_bgwriter   | aggregate  | f        | powa_stat_bgwriter_aggregate |                        |                                            | f              | t       |       10
     0 | powa               | pg_stat_bgwriter   | purge      | f        | powa_stat_bgwriter_purge     |                        |                                            | f              | t       |       10
     0 | powa               | pg_stat_bgwriter   | reset      | f        | powa_stat_bgwriter_reset     |                        |                                            | f              | t       |       10
     0 | powa               | pg_stat_bgwriter   | snapshot   | f        | powa_stat_bgwriter_snapshot  | powa_stat_bgwriter_src |                                            | f              | t       |       10
     0 | pg_stat_statements | pg_stat_statements | aggregate  | f        | powa_statements_aggregate    |                        |                                            | f              | t       |       10
     0 | pg_stat_statements | pg_stat_statements | purge      | f        | powa_databases_purge         |                        |                                            | f              | t       |       10
     0 | pg_stat_statements | pg_stat_statements | purge      | f        | powa_statements_purge        |                        |                                            | f              | t       |       10
     0 | pg_stat_statements | pg_stat_statements | reset      | f        | powa_statements_reset        |                        |                                            | f              | t       |       10
     0 | pg_stat_statements | pg_stat_statements | snapshot   | f        | powa_databases_snapshot      | powa_databases_src     |                                            | f              | t       |       -3
     0 | pg_stat_statements | pg_stat_statements | snapshot   | f        | powa_statements_snapshot     | powa_statements_src    |                                            | f              | t       |       -2
     1 | pg_qualstats       | pg_qualstats       | aggregate  | f        | powa_qualstats_aggregate     |                        |                                            | t              | t       |       10
     1 | pg_qualstats       | pg_qualstats       | purge      | f        | powa_qualstats_purge         |                        |                                            | t              | t       |       10
     1 | pg_qualstats       | pg_qualstats       | reset      | f        | powa_qualstats_reset         |                        |                                            | t              | t       |       10
     1 | pg_qualstats       | pg_qualstats       | snapshot   | f        | powa_qualstats_snapshot      | powa_qualstats_src     | SELECT {pg_qualstats}.pg_qualstats_reset() | t              | t       |       10
     1 | pg_qualstats       | pg_qualstats       | unregister | f        | powa_qualstats_unregister    |                        |                                            | t              | t       |       10
     1 | powa               | pg_stat_bgwriter   | aggregate  | f        | powa_stat_bgwriter_aggregate |                        |                                            | t              | t       |       10
     1 | powa               | pg_stat_bgwriter   | purge      | f        | powa_stat_bgwriter_purge     |                        |                                            | t              | t       |       10
     1 | powa               | pg_stat_bgwriter   | reset      | f        | powa_stat_bgwriter_reset     |                        |                                            | t              | t       |       10
     1 | powa               | pg_stat_bgwriter   | snapshot   | f        | powa_stat_bgwriter_snapshot  | powa_stat_bgwriter_src |                                            | t              | t       |       10
     1 | pg_stat_statements | pg_stat_statements | aggregate  | f        | powa_statements_aggregate    |                        |                                            | t              | t       |       10
     1 | pg_stat_statements | pg_stat_statements | purge      | f        | powa_databases_purge         |                        |                                            | t              | t       |       10
     1 | pg_stat_statements | pg_stat_statements | purge      | f        | powa_statements_purge        |                        |                                            | t              | t       |       10
     1 | pg_stat_statements | pg_stat_statements | reset      | f        | powa_statements_reset        |                        |                                            | t              | t       |       10
     1 | pg_stat_statements | pg_stat_statements | snapshot   | f        | powa_databases_snapshot      | powa_databases_src     |                                            | t              | t       |       -1
     1 | pg_stat_statements | pg_stat_statements | snapshot   | f        | powa_statements_snapshot     | powa_statements_src    |                                            | t              | t       |       10
(25 rows)

SELECT * FROM "PoWA".powa_activate_extension(1, 'pg_stat_kcache');
 powa_activate_extension 
-------------------------
 t
(1 row)

SELECT * FROM "PoWA".powa_activate_extension(1, 'some_extension');
 powa_activate_extension 
-------------------------
 f
(1 row)

SELECT * FROM "PoWA".powa_functions ORDER BY srvid, module, operation, function_name;
 srvid |      extname       |       module       | operation  | external |        function_name         |      query_source      |               query_cleanup                | added_manually | enabled | priority 
-------+--------------------+--------------------+------------+----------+------------------------------+------------------------+--------------------------------------------+----------------+---------+----------
     0 | powa               | pg_stat_bgwriter   | aggregate  | f        | powa_stat_bgwriter_aggregate |                        |                                            | f              | t       |       10
     0 | powa               | pg_stat_bgwriter   | purge      | f        | powa_stat_bgwriter_purge     |                        |                                            | f              | t       |       10
     0 | powa               | pg_stat_bgwriter   | reset      | f        | powa_stat_bgwriter_reset     |                        |                                            | f              | t       |       10
     0 | powa               | pg_stat_bgwriter   | snapshot   | f        | powa_stat_bgwriter_snapshot  | powa_stat_bgwriter_src |                                            | f              | t       |       10
     0 | pg_stat_statements | pg_stat_statements | aggregate  | f        | powa_statements_aggregate    |                        |                                            | f              | t       |       10
     0 | pg_stat_statements | pg_stat_statements | purge      | f        | powa_databases_purge         |                        |                                            | f              | t       |       10
     0 | pg_stat_statements | pg_stat_statements | purge      | f        | powa_statements_purge        |                        |                                            | f              | t       |       10
     0 | pg_stat_statements | pg_stat_statements | reset      | f        | powa_statements_reset        |                        |                                            | f              | t       |       10
     0 | pg_stat_statements | pg_stat_statements | snapshot   | f        | powa_databases_snapshot      | powa_databases_src     |                                            | f              | t       |       -3
     0 | pg_stat_statements | pg_stat_statements | snapshot   | f        | powa_statements_snapshot     | powa_statements_src    |                                            | f              | t       |       -2
     1 | pg_qualstats       | pg_qualstats       | aggregate  | f        | powa_qualstats_aggregate     |                        |                                            | t              | t       |       10
     1 | pg_qualstats       | pg_qualstats       | purge      | f        | powa_qualstats_purge         |                        |                                            | t              | t       |       10
     1 | pg_qualstats       | pg_qualstats       | reset      | f        | powa_qualstats_reset         |                        |                                            | t              | t       |       10
     1 | pg_qualstats       | pg_qualstats       | snapshot   | f        | powa_qualstats_snapshot      | powa_qualstats_src     | SELECT {pg_qualstats}.pg_qualstats_reset() | t              | t       |       10
     1 | pg_qualstats       | pg_qualstats       | unregister | f        | powa_qualstats_unregister    |                        |                                            | t              | t       |       10
     1 | powa               | pg_stat_bgwriter   | aggregate  | f        | powa_stat_bgwriter_aggregate |                        |                                            | t              | t       |       10
     1 | powa               | pg_stat_bgwriter   | purge      | f        | powa_stat_bgwriter_purge     |                        |                                            | t              | t       |       10
     1 | powa               | pg_stat_bgwriter   | reset      | f        | powa_stat_bgwriter_reset     |                        |                                            | t              | t       |       10
     1 | powa               | pg_stat_bgwriter   | snapshot   | f        | powa_stat_bgwriter_snapshot  | powa_stat_bgwriter_src |                                            | t              | t       |       10
     1 | pg_stat_kcache     | pg_stat_kcache     | aggregate  | f        | powa_kcache_aggregate        |                        |                                            | t              | t       |       10
     1 | pg_stat_kcache     | pg_stat_kcache     | purge      | f        | powa_kcache_purge            |                        |                                            | t              | t       |       10
     1 | pg_stat_kcache     | pg_stat_kcache     | reset      | f        | powa_kcache_reset            |                        |                                            | t              | t       |       10
     1 | pg_stat_kcache     | pg_stat_kcache     | snapshot   | f        | powa_kcache_snapshot         | powa_kcache_src        |                                            | t              | t       |       -1
     1 | pg_stat_kcache     | pg_stat_kcache     | unregister | f        | powa_kcache_unregister       |                        |                                            | t              | t       |       10
     1 | pg_stat_statements | pg_stat_statements | aggregate  | f        | powa_statements_aggregate    |                        |                                            | t              | t       |       10
     1 | pg_stat_statements | pg_stat_statements | purge      | f        | powa_databases_purge         |                        |                                            | t              | t       |       10
     1 | pg_stat_statements | pg_stat_statements | purge      | f        | powa_statements_purge        |                        |                                            | t              | t       |       10
     1 | pg_stat_statements | pg_stat_statements | reset      | f        | powa_statements_reset        |                        |                                            | t              | t       |       10
     1 | pg_stat_statements | pg_stat_statements | snapshot   | f        | powa_databases_snapshot      | powa_databases_src     |                                            | t              | t       |       -1
     1 | pg_stat_statements | pg_stat_statements | snapshot   | f        | powa_statements_snapshot     | powa_statements_src    |                                            | t              | t       |       10
(30 rows)

SELECT * FROM "PoWA".powa_deactivate_extension(1, 'pg_stat_kcache');
 powa_deactivate_extension 
---------------------------
 t
(1 row)

SELECT * FROM "PoWA".powa_deactivate_extension(1, 'some_extension');
 powa_deactivate_extension 
---------------------------
 t
(1 row)

SELECT * FROM "PoWA".powa_functions ORDER BY srvid, module, operation, function_name;
 srvid |      extname       |       module       | operation  | external |        function_name         |      query_source      |               query_cleanup                | added_manually | enabled | priority 
-------+--------------------+--------------------+------------+----------+------------------------------+------------------------+--------------------------------------------+----------------+---------+----------
     0 | powa               | pg_stat_bgwriter   | aggregate  | f        | powa_stat_bgwriter_aggregate |                        |                                            | f              | t       |       10
     0 | powa               | pg_stat_bgwriter   | purge      | f        | powa_stat_bgwriter_purge     |                        |                                            | f              | t       |       10
     0 | powa               | pg_stat_bgwriter   | reset      | f        | powa_stat_bgwriter_reset     |                        |                                            | f              | t       |       10
     0 | powa               | pg_stat_bgwriter   | snapshot   | f        | powa_stat_bgwriter_snapshot  | powa_stat_bgwriter_src |                                            | f              | t       |       10
     0 | pg_stat_statements | pg_stat_statements | aggregate  | f        | powa_statements_aggregate    |                        |                                            | f              | t       |       10
     0 | pg_stat_statements | pg_stat_statements | purge      | f        | powa_databases_purge         |                        |                                            | f              | t       |       10
     0 | pg_stat_statements | pg_stat_statements | purge      | f        | powa_statements_purge        |                        |                                            | f              | t       |       10
     0 | pg_stat_statements | pg_stat_statements | reset      | f        | powa_statements_reset        |                        |                                            | f              | t       |       10
     0 | pg_stat_statements | pg_stat_statements | snapshot   | f        | powa_databases_snapshot      | powa_databases_src     |                                            | f              | t       |       -3
     0 | pg_stat_statements | pg_stat_statements | snapshot   | f        | powa_statements_snapshot     | powa_statements_src    |                                            | f              | t       |       -2
     1 | pg_qualstats       | pg_qualstats       | aggregate  | f        | powa_qualstats_aggregate     |                        |                                            | t              | t       |       10
     1 | pg_qualstats       | pg_qualstats       | purge      | f        | powa_qualstats_purge         |                        |                                            | t              | t       |       10
     1 | pg_qualstats       | pg_qualstats       | reset      | f        | powa_qualstats_reset         |                        |                                            | t              | t       |       10
     1 | pg_qualstats       | pg_qualstats       | snapshot   | f        | powa_qualstats_snapshot      | powa_qualstats_src     | SELECT {pg_qualstats}.pg_qualstats_reset() | t              | t       |       10
     1 | pg_qualstats       | pg_qualstats       | unregister | f        | powa_qualstats_unregister    |                        |                                            | t              | t       |       10
     1 | powa               | pg_stat_bgwriter   | aggregate  | f        | powa_stat_bgwriter_aggregate |                        |                                            | t              | t       |       10
     1 | powa               | pg_stat_bgwriter   | purge      | f        | powa_stat_bgwriter_purge     |                        |                                            | t              | t       |       10
     1 | powa               | pg_stat_bgwriter   | reset      | f        | powa_stat_bgwriter_reset     |                        |                                            | t              | t       |       10
     1 | powa               | pg_stat_bgwriter   | snapshot   | f        | powa_stat_bgwriter_snapshot  | powa_stat_bgwriter_src |                                            | t              | t       |       10
     1 | pg_stat_kcache     | pg_stat_kcache     | aggregate  | f        | powa_kcache_aggregate        |                        |                                            | t              | f       |       10
     1 | pg_stat_kcache     | pg_stat_kcache     | purge      | f        | powa_kcache_purge            |                        |                                            | t              | f       |       10
     1 | pg_stat_kcache     | pg_stat_kcache     | reset      | f        | powa_kcache_reset            |                        |                                            | t              | f       |       10
     1 | pg_stat_kcache     | pg_stat_kcache     | snapshot   | f        | powa_kcache_snapshot         | powa_kcache_src        |                                            | t              | f       |       -1
     1 | pg_stat_kcache     | pg_stat_kcache     | unregister | f        | powa_kcache_unregister       |                        |                                            | t              | f       |       10
     1 | pg_stat_statements | pg_stat_statements | aggregate  | f        | powa_statements_aggregate    |                        |                                            | t              | t       |       10
     1 | pg_stat_statements | pg_stat_statements | purge      | f        | powa_databases_purge         |                        |                                            | t              | t       |       10
     1 | pg_stat_statements | pg_stat_statements | purge      | f        | powa_statements_purge        |                        |                                            | t              | t       |       10
     1 | pg_stat_statements | pg_stat_statements | reset      | f        | powa_statements_reset        |                        |                                            | t              | t       |       10
     1 | pg_stat_statements | pg_stat_statements | snapshot   | f        | powa_databases_snapshot      | powa_databases_src     |                                            | t              | t       |       -1
     1 | pg_stat_statements | pg_stat_statements | snapshot   | f        | powa_statements_snapshot     | powa_statements_src    |                                            | t              | t       |       10
(30 rows)

SELECT alias FROM "PoWA".powa_servers WHERE id = 1;
 alias 
-------
 
(1 row)

SELECT * FROM "PoWA".powa_configure_server(0, '{"somekey": "someval"}');
ERROR:  Local server cannot be configured
SELECT * FROM "PoWA".powa_configure_server(1, '{"somekey": "someval"}');
ERROR:  Unknown field: somekey
SELECT * FROM "PoWA".powa_configure_server(1, '{"alias": "test server"}');
 powa_configure_server 
-----------------------
 t
(1 row)

SELECT alias FROM "PoWA".powa_servers WHERE id = 1;
    alias    
-------------
 test server
(1 row)

-- Test reset function
SELECT * from "PoWA".powa_reset(1);
 powa_reset 
------------
 t
(1 row)

-- Check remote server removal
DELETE FROM "PoWA".powa_servers WHERE id = 1;
